env: load .env
env: export EXPO_PUBLIC_SUPABASE_URL EXPO_PUBLIC_SUPABASE_ANON_KEY
Starting project at /app
React Compiler enabled
Starting Metro Bundler
The following packages should be updated for best compatibility with the installed expo version:
  @react-native-async-storage/async-storage@3.1.1 - expected version: 2.2.0
  expo@54.0.35 - expected version: ~54.0.36
Your project may not work correctly until you install the expected versions of the packages.
Waiting on http://localhost:8081
Logs for your project will appear below.
Web node_modules/expo-router/entry.js ░░░░░░░░░░░░░░░░  0.0% (0/1)
Web node_modules/expo-router/entry.js ▓▓▓▓░░░░░░░░░░░░ 27.4% (11/21)
λ node_modules/expo-router/node/render.js ▓▓░░░░░░░░░░░░░░ 13.1% ( 98/271)
Web node_modules/expo-router/entry.js ▓▓▓▓░░░░░░░░░░░░ 29.8% (125/229)
λ node_modules/expo-router/node/render.js ▓▓▓▓▓▓░░░░░░░░░░ 41.9% (317/490)
Web node_modules/expo-router/entry.js ▓▓▓▓▓▓▓░░░░░░░░░ 46.9% (216/343)
λ node_modules/expo-router/node/render.js ▓▓▓▓▓▓▓▓▓░░░░░░░ 57.0% (491/961)
Web node_modules/expo-router/entry.js ▓▓▓▓▓▓▓░░░░░░░░░ 46.9% (313/476)
λ node_modules/expo-router/node/render.js ▓▓▓▓▓▓▓▓▓░░░░░░░ 57.0% ( 591/2807)
Web node_modules/expo-router/entry.js ▓▓▓▓▓▓▓░░░░░░░░░ 47.4% (334/485)
λ node_modules/expo-router/node/render.js ▓▓▓▓▓▓▓▓▓░░░░░░░ 57.0% (1469/3288)
Web node_modules/expo-router/entry.js ▓▓▓▓▓▓▓░░░░░░░░░ 47.4% (334/485)
λ node_modules/expo-router/node/render.js ▓▓▓▓▓▓▓▓▓▓░░░░░░ 64.3% (2637/3288)
Web node_modules/expo-router/entry.js ▓▓▓▓▓▓▓▓▓▓░░░░░░ 63.3% (478/610)
λ node_modules/expo-router/node/render.js ▓▓▓▓▓▓▓▓▓▓▓░░░░░ 70.2% (2854/3406)
Web node_modules/expo-router/entry.js ▓▓▓▓▓▓▓▓▓▓░░░░░░ 63.5% ( 551/1037)
λ node_modules/expo-router/node/render.js ▓▓▓▓▓▓▓▓▓▓▓▓▓▓░░ 91.9% (3335/3483)
Web node_modules/expo-router/entry.js ▓▓▓▓▓▓▓▓▓▓░░░░░░ 63.5% ( 763/3176)
λ node_modules/expo-router/node/render.js ▓▓▓▓▓▓▓▓▓▓▓▓▓▓▓░ 95.2% (3447/3547)
Web node_modules/expo-router/entry.js ▓▓▓▓▓▓▓▓▓▓░░░░░░ 63.5% (1740/3367)
λ node_modules/expo-router/node/render.js ▓▓▓▓▓▓▓▓▓▓▓▓▓▓▓░ 95.2% (3480/3570)
Web node_modules/expo-router/entry.js ▓▓▓▓▓▓▓▓▓▓▓░░░░░ 69.2% (2821/3391)
λ node_modules/expo-router/node/render.js ▓▓▓▓▓▓▓▓▓▓▓▓▓▓▓░ 97.2% (3546/3597)
Web node_modules/expo-router/entry.js ▓▓▓▓▓▓▓▓▓▓▓▓▓▓░░ 93.4% (3417/3546)
λ node_modules/expo-router/node/render.js ▓▓▓▓▓▓▓▓▓▓▓▓▓▓▓░ 97.2% (3601/3655)
Web node_modules/expo-router/entry.js ▓▓▓▓▓▓▓▓▓▓▓▓▓▓▓░ 97.9% (3734/3774)
λ node_modules/expo-router/node/render.js ▓▓▓▓▓▓▓▓▓▓▓▓▓▓▓░ 99.2% (3759/3774)
λ Bundled 46386ms node_modules/expo-router/node/render.js (3775 modules)
(node:29362) [DEP0040] DeprecationWarning: The `punycode` module is deprecated. Please use a userland alternative instead.
(Use `node --trace-deprecation ...` to show where the warning was created)
Web Bundled 49004ms node_modules/expo-router/entry.js (3826 modules)
Web node_modules/expo-router/entry.js ▓▓▓▓▓▓▓▓▓▓▓▓▓▓▓░ 99.9% (3826/3826)
Error: Premature close
    at onclose (node:internal/streams/end-of-stream:171:30)
    at processTicksAndRejections (node:internal/process/task_queues:84:11)
Web node_modules/expo-router/entry.js ░░░░░░░░░░░░░░░░  0.0% (0/1)
λ Bundled 133ms node_modules/expo-router/node/render.js (1 module)
Web Bundled 1535ms node_modules/expo-router/entry.js (1 module)
Web node_modules/expo-router/entry.js ▓▓▓░░░░░░░░░░░░░ 23.0% (108/274)
Web node_modules/expo-router/entry.js ▓▓▓▓▓░░░░░░░░░░░ 34.9% ( 481/2881)
Web node_modules/expo-router/entry.js ▓▓▓▓▓░░░░░░░░░░░ 34.9% (1457/3215)
Web node_modules/expo-router/entry.js ▓▓▓▓▓▓▓▓▓▓░░░░░░ 64.9% (2684/3345)
Web node_modules/expo-router/entry.js ▓▓▓▓▓▓▓▓▓▓▓▓▓▓░░ 91.8% (3387/3535)
Web Bundled 18437ms node_modules/expo-router/entry.js (3828 modules)
 LOG  [web] Logs will appear in the browser console
Web node_modules/expo-router/entry.js ░░░░░░░░░░░░░░░░  0.0% (0/1)
λ Bundled 166ms node_modules/expo-router/node/render.js (1 module)
Web Bundled 1001ms node_modules/expo-router/entry.js (1 module)
Web Bundled 151ms node_modules/expo-router/entry.js (1 module)
 LOG  [web] Logs will appear in the browser console
Web node_modules/expo-router/entry.js ░░░░░░░░░░░░░░░░  0.0% (0/1)
λ Bundled 174ms node_modules/expo-router/node/render.js (1 module)
Web Bundled 1684ms node_modules/expo-router/entry.js (1 module)
Web Bundled 248ms node_modules/expo-router/entry.js (1 module)
 LOG  [web] Logs will appear in the browser console
Web node_modules/expo-router/entry.js ░░░░░░░░░░░░░░░░  0.0% (0/1)
λ Bundled 181ms node_modules/expo-router/node/render.js (1 module)
Web Bundled 1088ms node_modules/expo-router/entry.js (1 module)
Web Bundled 160ms node_modules/expo-router/entry.js (1 module)
 LOG  [web] Logs will appear in the browser console
Web node_modules/expo-router/entry.js ░░░░░░░░░░░░░░░░  0.0% (0/1)
λ Bundled 169ms node_modules/expo-router/node/render.js (1 module)
Web Bundled 1034ms node_modules/expo-router/entry.js (1 module)
Web Bundled 161ms node_modules/expo-router/entry.js (1 module)
 LOG  [web] Logs will appear in the browser console
Web node_modules/expo-router/entry.js ░░░░░░░░░░░░░░░░  0.0% (0/1)
λ Bundled 84ms node_modules/expo-router/node/render.js (1 module)
Web Bundled 1042ms node_modules/expo-router/entry.js (1 module)
Web Bundled 161ms node_modules/expo-router/entry.js (1 module)
 LOG  [web] Logs will appear in the browser console
Web node_modules/expo-router/entry.js ░░░░░░░░░░░░░░░░  0.0% (0/1)
λ Bundled 166ms node_modules/expo-router/node/render.js (1 module)
Web Bundled 1025ms node_modules/expo-router/entry.js (1 module)
Web Bundled 197ms node_modules/expo-router/entry.js (1 module)
 LOG  [web] Logs will appear in the browser console
Web node_modules/expo-router/entry.js ░░░░░░░░░░░░░░░░  0.0% (0/1)
λ Bundled 79ms node_modules/expo-router/node/render.js (1 module)
Web Bundled 994ms node_modules/expo-router/entry.js (1 module)
Web Bundled 233ms node_modules/expo-router/entry.js (1 module)
 LOG  [web] Logs will appear in the browser console
