 INFO  Accepting connections at http://localhost:45119 HTTP  8/15/2026 9:10:53 PM ::1 GET /
 HTTP  8/15/2026 9:10:53 PM ::1 Returned 200 in 23 ms
 HTTP  8/15/2026 9:10:53 PM ::1 GET /_expo/static/css/web-df33ba7722de7315f26293a6ea0e07b6.css
 HTTP  8/15/2026 9:10:53 PM ::1 Returned 200 in 3 ms
 HTTP  8/15/2026 9:10:53 PM ::1 GET /_expo/static/js/web/entry-a5ac2a1c773b03f918b7e3acdc6f1a4c.js
 HTTP  8/15/2026 9:10:53 PM ::1 Returned 200 in 26 ms
 HTTP  8/15/2026 9:10:54 PM ::1 GET /assets/node_modules/@expo-google-fonts/poppins/400Regular/Poppins_400Regular.093ee89be9ede30383f39a899c485a82.ttf
 HTTP  8/15/2026 9:10:54 PM ::1 GET /assets/node_modules/@expo-google-fonts/poppins/500Medium/Poppins_500Medium.bf59c687bc6d3a70204d3944082c5cc0.ttf
 HTTP  8/15/2026 9:10:54 PM ::1 GET /assets/node_modules/@expo-google-fonts/poppins/600SemiBold/Poppins_600SemiBold.6f1520d107205975713ba09df778f93f.ttf
 HTTP  8/15/2026 9:10:54 PM ::1 GET /assets/node_modules/@expo-google-fonts/poppins/700Bold/Poppins_700Bold.08c20a487911694291bd8c5de41315ad.ttf
 HTTP  8/15/2026 9:10:54 PM ::1 GET /assets/node_modules/@expo-google-fonts/poppins/800ExtraBold/Poppins_800ExtraBold.d45bdbc2d4a98c1ecb17821a1dbbd3a4.ttf
 HTTP  8/15/2026 9:10:54 PM ::1 GET /assets/node_modules/@expo-google-fonts/poppins/900Black/Poppins_900Black.14d00dab1f6802e787183ecab5cce85e.ttf
 HTTP  8/15/2026 9:10:54 PM ::1 Returned 200 in 12 ms
 HTTP  8/15/2026 9:10:54 PM ::1 Returned 200 in 9 ms
 HTTP  8/15/2026 9:10:54 PM ::1 Returned 200 in 9 ms
 HTTP  8/15/2026 9:10:54 PM ::1 Returned 200 in 9 ms
 HTTP  8/15/2026 9:10:54 PM ::1 Returned 200 in 9 ms
 HTTP  8/15/2026 9:10:54 PM ::1 Returned 200 in 9 ms
 HTTP  8/15/2026 9:12:33 PM ::1 GET /
 HTTP  8/15/2026 9:12:33 PM ::1 Returned 200 in 2 ms
 HTTP  8/15/2026 9:12:33 PM ::1 GET /_expo/static/css/web-df33ba7722de7315f26293a6ea0e07b6.css
 HTTP  8/15/2026 9:12:33 PM ::1 Returned 200 in 3 ms
 HTTP  8/15/2026 9:12:33 PM ::1 GET /_expo/static/js/web/entry-a5ac2a1c773b03f918b7e3acdc6f1a4c.js
 HTTP  8/15/2026 9:12:33 PM ::1 Returned 200 in 3 ms
 HTTP  8/15/2026 9:12:34 PM ::1 GET /assets/node_modules/@expo-google-fonts/poppins/400Regular/Poppins_400Regular.093ee89be9ede30383f39a899c485a82.ttf
 HTTP  8/15/2026 9:12:34 PM ::1 GET /assets/node_modules/@expo-google-fonts/poppins/500Medium/Poppins_500Medium.bf59c687bc6d3a70204d3944082c5cc0.ttf
 HTTP  8/15/2026 9:12:34 PM ::1 GET /assets/node_modules/@expo-google-fonts/poppins/600SemiBold/Poppins_600SemiBold.6f1520d107205975713ba09df778f93f.ttf
 HTTP  8/15/2026 9:12:34 PM ::1 GET /assets/node_modules/@expo-google-fonts/poppins/700Bold/Poppins_700Bold.08c20a487911694291bd8c5de41315ad.ttf
 HTTP  8/15/2026 9:12:34 PM ::1 GET /assets/node_modules/@expo-google-fonts/poppins/800ExtraBold/Poppins_800ExtraBold.d45bdbc2d4a98c1ecb17821a1dbbd3a4.ttf
 HTTP  8/15/2026 9:12:34 PM ::1 Returned 200 in 3 ms
 HTTP  8/15/2026 9:12:34 PM ::1 Returned 200 in 3 ms
 HTTP  8/15/2026 9:12:34 PM ::1 Returned 200 in 3 ms
 HTTP  8/15/2026 9:12:34 PM ::1 Returned 200 in 2 ms
 HTTP  8/15/2026 9:12:34 PM ::1 Returned 200 in 3 ms
 HTTP  8/15/2026 9:12:34 PM ::1 GET /assets/node_modules/@expo-google-fonts/poppins/900Black/Poppins_900Black.14d00dab1f6802e787183ecab5cce85e.ttf
 HTTP  8/15/2026 9:12:34 PM ::1 Returned 200 in 1 ms
 HTTP  8/15/2026 9:13:03 PM ::1 GET /
 HTTP  8/15/2026 9:13:03 PM ::1 Returned 200 in 1 ms
 HTTP  8/15/2026 9:13:03 PM ::1 GET /_expo/static/css/web-df33ba7722de7315f26293a6ea0e07b6.css
 HTTP  8/15/2026 9:13:03 PM ::1 GET /_expo/static/js/web/entry-a5ac2a1c773b03f918b7e3acdc6f1a4c.js
 HTTP  8/15/2026 9:13:03 PM ::1 Returned 200 in 2 ms
 HTTP  8/15/2026 9:13:03 PM ::1 Returned 200 in 1 ms
 HTTP  8/15/2026 9:13:04 PM ::1 GET /assets/node_modules/@expo-google-fonts/poppins/400Regular/Poppins_400Regular.093ee89be9ede30383f39a899c485a82.ttf
 HTTP  8/15/2026 9:13:04 PM ::1 Returned 200 in 2 ms
 HTTP  8/15/2026 9:13:04 PM ::1 GET /assets/node_modules/@expo-google-fonts/poppins/500Medium/Poppins_500Medium.bf59c687bc6d3a70204d3944082c5cc0.ttf
 HTTP  8/15/2026 9:13:04 PM ::1 Returned 200 in 1 ms
 HTTP  8/15/2026 9:13:04 PM ::1 GET /assets/node_modules/@expo-google-fonts/poppins/600SemiBold/Poppins_600SemiBold.6f1520d107205975713ba09df778f93f.ttf
 HTTP  8/15/2026 9:13:04 PM ::1 GET /assets/node_modules/@expo-google-fonts/poppins/700Bold/Poppins_700Bold.08c20a487911694291bd8c5de41315ad.ttf
 HTTP  8/15/2026 9:13:04 PM ::1 GET /assets/node_modules/@expo-google-fonts/poppins/800ExtraBold/Poppins_800ExtraBold.d45bdbc2d4a98c1ecb17821a1dbbd3a4.ttf
 HTTP  8/15/2026 9:13:04 PM ::1 GET /assets/node_modules/@expo-google-fonts/poppins/900Black/Poppins_900Black.14d00dab1f6802e787183ecab5cce85e.ttf
 HTTP  8/15/2026 9:13:04 PM ::1 Returned 200 in 2 ms
 HTTP  8/15/2026 9:13:04 PM ::1 Returned 200 in 2 ms
 HTTP  8/15/2026 9:13:04 PM ::1 Returned 200 in 2 ms
 HTTP  8/15/2026 9:13:04 PM ::1 Returned 200 in 2 ms
 HTTP  8/15/2026 9:14:41 PM ::1 GET /
 HTTP  8/15/2026 9:14:41 PM ::1 Returned 200 in 2 ms
 HTTP  8/15/2026 9:14:41 PM ::1 GET /_expo/static/css/web-df33ba7722de7315f26293a6ea0e07b6.css
 HTTP  8/15/2026 9:14:41 PM ::1 GET /_expo/static/js/web/entry-a5ac2a1c773b03f918b7e3acdc6f1a4c.js
 HTTP  8/15/2026 9:14:41 PM ::1 Returned 200 in 1 ms
 HTTP  8/15/2026 9:14:41 PM ::1 Returned 200 in 1 ms
 HTTP  8/15/2026 9:14:42 PM ::1 GET /assets/node_modules/@expo-google-fonts/poppins/400Regular/Poppins_400Regular.093ee89be9ede30383f39a899c485a82.ttf
 HTTP  8/15/2026 9:14:42 PM ::1 Returned 200 in 2 ms
 HTTP  8/15/2026 9:14:42 PM ::1 GET /assets/node_modules/@expo-google-fonts/poppins/500Medium/Poppins_500Medium.bf59c687bc6d3a70204d3944082c5cc0.ttf
 HTTP  8/15/2026 9:14:42 PM ::1 GET /assets/node_modules/@expo-google-fonts/poppins/600SemiBold/Poppins_600SemiBold.6f1520d107205975713ba09df778f93f.ttf
 HTTP  8/15/2026 9:14:42 PM ::1 GET /assets/node_modules/@expo-google-fonts/poppins/700Bold/Poppins_700Bold.08c20a487911694291bd8c5de41315ad.ttf
 HTTP  8/15/2026 9:14:42 PM ::1 GET /assets/node_modules/@expo-google-fonts/poppins/800ExtraBold/Poppins_800ExtraBold.d45bdbc2d4a98c1ecb17821a1dbbd3a4.ttf
 HTTP  8/15/2026 9:14:42 PM ::1 Returned 200 in 2 ms
 HTTP  8/15/2026 9:14:42 PM ::1 Returned 200 in 1 ms
 HTTP  8/15/2026 9:14:42 PM ::1 Returned 200 in 1 ms
 HTTP  8/15/2026 9:14:42 PM ::1 GET /assets/node_modules/@expo-google-fonts/poppins/900Black/Poppins_900Black.14d00dab1f6802e787183ecab5cce85e.ttf
 HTTP  8/15/2026 9:14:42 PM ::1 Returned 200 in 2 ms
 HTTP  8/15/2026 9:14:42 PM ::1 Returned 200 in 1 ms
 HTTP  8/15/2026 9:16:09 PM ::1 GET /
 HTTP  8/15/2026 9:16:09 PM ::1 Returned 200 in 1 ms
 HTTP  8/15/2026 9:16:09 PM ::1 GET /_expo/static/css/web-df33ba7722de7315f26293a6ea0e07b6.css
 HTTP  8/15/2026 9:16:09 PM ::1 Returned 200 in 1 ms
 HTTP  8/15/2026 9:16:09 PM ::1 GET /_expo/static/js/web/entry-a5ac2a1c773b03f918b7e3acdc6f1a4c.js
 HTTP  8/15/2026 9:16:09 PM ::1 Returned 200 in 1 ms
 HTTP  8/15/2026 9:16:10 PM ::1 GET /assets/node_modules/@expo-google-fonts/poppins/400Regular/Poppins_400Regular.093ee89be9ede30383f39a899c485a82.ttf
 HTTP  8/15/2026 9:16:10 PM ::1 GET /assets/node_modules/@expo-google-fonts/poppins/500Medium/Poppins_500Medium.bf59c687bc6d3a70204d3944082c5cc0.ttf
 HTTP  8/15/2026 9:16:10 PM ::1 GET /assets/node_modules/@expo-google-fonts/poppins/600SemiBold/Poppins_600SemiBold.6f1520d107205975713ba09df778f93f.ttf
 HTTP  8/15/2026 9:16:10 PM ::1 Returned 200 in 2 ms
 HTTP  8/15/2026 9:16:10 PM ::1 Returned 200 in 2 ms
 HTTP  8/15/2026 9:16:10 PM ::1 Returned 200 in 1 ms
 HTTP  8/15/2026 9:16:10 PM ::1 GET /assets/node_modules/@expo-google-fonts/poppins/700Bold/Poppins_700Bold.08c20a487911694291bd8c5de41315ad.ttf
 HTTP  8/15/2026 9:16:10 PM ::1 Returned 200 in 1 ms
 HTTP  8/15/2026 9:16:10 PM ::1 GET /assets/node_modules/@expo-google-fonts/poppins/800ExtraBold/Poppins_800ExtraBold.d45bdbc2d4a98c1ecb17821a1dbbd3a4.ttf
 HTTP  8/15/2026 9:16:10 PM ::1 GET /assets/node_modules/@expo-google-fonts/poppins/900Black/Poppins_900Black.14d00dab1f6802e787183ecab5cce85e.ttf
 HTTP  8/15/2026 9:16:10 PM ::1 Returned 200 in 1 ms
 HTTP  8/15/2026 9:16:10 PM ::1 Returned 200 in 2 ms
