Starting project at /app
React Compiler enabled
Starting Metro Bundler
The following packages should be updated for best compatibility with the installed expo version:
  expo-constants@18.0.13 - expected version: ~18.0.14
  react-native-svg@15.15.5 - expected version: 15.12.1
Your project may not work correctly until you install the expected versions of the packages.
Waiting on http://localhost:3000
Logs for your project will appear below.
Web node_modules/expo-router/entry.js ░░░░░░░░░░░░░░░░  0.0% (0/1)
Web node_modules/expo-router/entry.js ▓▓▓▓░░░░░░░░░░░░ 25.0% (14/89)
λ node_modules/expo-router/node/render.js ▓▓░░░░░░░░░░░░░░ 13.3% ( 93/256)
Web node_modules/expo-router/entry.js ▓▓▓▓░░░░░░░░░░░░ 25.0% ( 91/189)
λ node_modules/expo-router/node/render.js ▓▓▓▓▓▓░░░░░░░░░░ 40.6% (310/487)
Web node_modules/expo-router/entry.js ▓▓▓▓▓▓▓░░░░░░░░░ 44.8% (235/388)
λ node_modules/expo-router/node/render.js ▓▓▓▓▓▓▓▓▓▓░░░░░░ 66.6% (500/983)
Web node_modules/expo-router/entry.js ▓▓▓▓▓▓▓░░░░░░░░░ 45.5% (291/442)
λ node_modules/expo-router/node/render.js ▓▓▓▓▓▓▓▓▓▓░░░░░░ 66.6% ( 527/2749)
Web node_modules/expo-router/entry.js ▓▓▓▓▓▓▓▓░░░░░░░░ 50.2% (345/507)
λ node_modules/expo-router/node/render.js ▓▓▓▓▓▓▓▓▓▓░░░░░░ 66.6% ( 885/3308)
Web node_modules/expo-router/entry.js ▓▓▓▓▓▓▓▓░░░░░░░░ 52.1% (401/556)
λ node_modules/expo-router/node/render.js ▓▓▓▓▓▓▓▓▓▓░░░░░░ 66.6% (1661/3311)
Web node_modules/expo-router/entry.js ▓▓▓▓▓▓▓▓░░░░░░░░ 52.1% (401/556)
λ node_modules/expo-router/node/render.js ▓▓▓▓▓▓▓▓▓▓░░░░░░ 66.6% (2660/3311)
Web node_modules/expo-router/entry.js ▓▓▓▓▓▓▓▓░░░░░░░░ 55.1% ( 523/2788)
λ node_modules/expo-router/node/render.js ▓▓▓▓▓▓▓▓▓▓▓░░░░░ 69.7% (2830/3397)
Web node_modules/expo-router/entry.js ▓▓▓▓▓▓▓▓░░░░░░░░ 55.1% ( 674/3093)
λ node_modules/expo-router/node/render.js ▓▓▓▓▓▓▓▓▓▓▓▓▓▓░░ 91.8% (3292/3435)
Web node_modules/expo-router/entry.js ▓▓▓▓▓▓▓▓░░░░░░░░ 55.1% (1504/3353)
λ node_modules/expo-router/node/render.js ▓▓▓▓▓▓▓▓▓▓▓▓▓▓░░ 91.8% (3357/3524)
Web node_modules/expo-router/entry.js ▓▓▓▓▓▓▓▓▓▓░░░░░░ 64.4% (2692/3354)
λ node_modules/expo-router/node/render.js ▓▓▓▓▓▓▓▓▓▓▓▓▓▓░░ 91.8% (3357/3524)
Web node_modules/expo-router/entry.js ▓▓▓▓▓▓▓▓▓▓▓▓░░░░ 79.7% (3113/3486)
λ node_modules/expo-router/node/render.js ▓▓▓▓▓▓▓▓▓▓▓▓▓▓▓░ 94.8% (3476/3571)
Web node_modules/expo-router/entry.js ▓▓▓▓▓▓▓▓▓▓▓▓▓▓▓░ 95.2% (3504/3592)
λ node_modules/expo-router/node/render.js ▓▓▓▓▓▓▓▓▓▓▓▓▓▓▓░ 97.0% (3613/3668)
λ Bundled 48570ms node_modules/expo-router/node/render.js (3792 modules)
"shadow*" style props are deprecated. Use "boxShadow".
(node:192063) [DEP0040] DeprecationWarning: The `punycode` module is deprecated. Please use a userland alternative instead.
(Use `node --trace-deprecation ...` to show where the warning was created)
Web node_modules/expo-router/entry.js ▓▓▓▓▓▓▓▓▓▓▓▓▓▓▓░ 99.9% (3842/3845)
Web Bundled 56462ms node_modules/expo-router/entry.js (3845 modules)
Error: Premature close
    at onclose (node:internal/streams/end-of-stream:171:30)
    at processTicksAndRejections (node:internal/process/task_queues:84:11)
Web node_modules/expo-router/entry.js ░░░░░░░░░░░░░░░░  0.0% (0/1)
λ Bundled 130ms node_modules/expo-router/node/render.js (1 module)
"shadow*" style props are deprecated. Use "boxShadow".
Web Bundled 1955ms node_modules/expo-router/entry.js (1 module)
Web node_modules/expo-router/entry.js ▓▓▓░░░░░░░░░░░░░ 22.1% ( 38/173)
Web node_modules/expo-router/entry.js ▓▓▓▓░░░░░░░░░░░░ 27.8% ( 315/2627)
Web node_modules/expo-router/entry.js ▓▓▓▓░░░░░░░░░░░░ 27.8% ( 997/3271)
Web node_modules/expo-router/entry.js ▓▓▓▓▓▓▓▓░░░░░░░░ 51.3% (2354/3288)
Web node_modules/expo-router/entry.js ▓▓▓▓▓▓▓▓▓▓▓▓▓░░░ 82.3% (3158/3482)
Web node_modules/expo-router/entry.js ▓▓▓▓▓▓▓▓▓▓▓▓▓▓▓░ 97.0% (3695/3752)
Web Bundled 20276ms node_modules/expo-router/entry.js (3847 modules)
 LOG  [web] Logs will appear in the browser console
Web node_modules/expo-router/entry.js ░░░░░░░░░░░░░░░░  0.0% (0/1)
λ Bundled 173ms node_modules/expo-router/node/render.js (1 module)
"shadow*" style props are deprecated. Use "boxShadow".
Web Bundled 1019ms node_modules/expo-router/entry.js (1 module)
Web Bundled 301ms node_modules/expo-router/entry.js (1 module)
 LOG  [web] Logs will appear in the browser console
